// Jest Snapshot v1, https://goo.gl/fbAQLP

exports[`TabsView should render all tabs correctly 1`] = `
<div>
  <h1>
    Tab Component
  </h1>
  <div
    className="Rectangle1"
  >
    <ul
      className="TabLayout"
    >
      <TabView
        activeTab="Tincidunt"
        label="Tincidunt"
        onTabClick={[Function]}
      />
      <TabView
        activeTab="Tincidunt"
        label="Sodales"
        onTabClick={[Function]}
      />
    </ul>
  </div>
</div>
`;
